// Jest Snapshot v1, https://goo.gl/fbAQLP

exports[`App.tsx should render correctly 1`] = `
<div
  id="wrapper"
>
  <div
    id="header"
  >
    <a
      href="/"
      onClick={[Function]}
    >
       Home 
    </a>
    <a
      href="/about"
      onClick={[Function]}
    >
       About 
    </a>
    <a
      href="/product"
      onClick={[Function]}
    >
       Product 
    </a>
  </div>
  <main
    className="content"
  />
  <div
    id="footer"
  >
    <span
      className="sc-bdVaJa rOCEJ"
    >
      Â© 
      2018
    </span>
  </div>
</div>
`;
